// Jest Snapshot v1, https://goo.gl/fbAQLP

exports[`CatFoodItem should be rendered 1`] = `
<div
  className="wrapper"
>
  <div
    aria-checked={false}
    className="item"
    onClick={[Function]}
    onMouseEnter={[Function]}
    onMouseLeave={[Function]}
    role="checkbox"
    tabIndex={1}
  >
    <svg
      className="border svg"
      id="Слой_2"
      viewBox="0 0 320 480"
      x="0px"
      xmlSpace="preserve"
      y="0px"
    >
      <path
        className="path"
        d="M 305 478 H 12.3 C 6.6 478 2 473.4 2 467.7 V 45 c 0 -3 5 -6 10 -11 c 8.5 -8.5 17.4 -17.5 25 -25 c 5 -5 5.1 -7 8 -7 h 254 c 14.5 -0.5 20.5 -0.5 19 17 v 439 C 317.5 472 318 478 305 478 Z"
      />
    </svg>
    <div
      className="main"
    >
      <p
        aria-hidden="true"
        className="description mouseLeave"
      >
        Сказочное заморское яство
      </p>
      <div
        aria-hidden="true"
      >
        <div
          className="header title"
        >
           
          <h2>
            Нямушка
          </h2>
           
        </div>
        <div
          className="header subTitle"
        >
           
          <span>
            c фуа-гра
          </span>
           
        </div>
      </div>
      <div
        aria-hidden="true"
        className="info"
      >
        <ul>
          <li>
            <b>
              10
            </b>
             порций
          </li>
          <li>
            мышь в подарок
          </li>
        </ul>
      </div>
      <div
        aria-hidden="true"
      >
        <div
          className="body price"
        >
          <span
            className="count"
          >
            0,5
          </span>
          <span
            className="metric"
          >
            кг
          </span>
        </div>
      </div>
    </div>
    <div
      className="srOnly"
    >
      <p>
        Кошачий корм Нямушка 2 киллограмма, это 40 порций, 2 мыши в подарок
      </p>
      <p>
        Добавить в корзину нажатием enter
      </p>
      <div
        aria-live="polite"
        role="status"
      >
        <p
          aria-hidden={false}
        >
          Не добавлено
        </p>
        <p
          aria-hidden={true}
        >
          Добавлено
        </p>
        <p
          aria-hidden={true}
        >
          Не добавлено, корм закончился
        </p>
      </div>
    </div>
  </div>
  <p
    aria-hidden="true"
    className="additional"
    onClick={[Function]}
  >
    Чего сидишь? Порадуй котэ, 
    <a>
      купи
    </a>
  </p>
</div>
`;
